iTerm2 + Zsh + Oh-my-zsh on mac;
------------------------------------

Install Homebrew (If you don‚Äôt have it already üòâ)
> /usr/bin/ruby -e "$(curl -fsSL https://raw.githubusercontent.com/Homebrew/install/master/install)"

Install iTerm2
> brew cask install iterm2               

Install ZSH
> brew install zsh

Install Oh-my-zsh
> sh -c "$(curl -fsSL https://raw.github.com/robbyrussell/oh-my-zsh/master/tools/install.sh)"


Activate "Windows for Linux Subsystem" Feature
Run this script on PowerShell:

dism.exe /online /enable-feature /featurename:Microsoft-Windows-Subsystem-Linux /all /norestart

Install Zsh
Open Debian from Start Menu. It will open a command prompt with the same features as Debian's terminal.

If you try to run sudo apt-get install zsh first, you may receive an error (Unable to locate package zsh). So, first you should run these two commands:
$ sudo apt-get update
$ sudo apt-get upgrade

Now you will be able to install Zsh properly, running:
$ sudo apt-get install zsh

When the installation is done, run this:
$ zsh

Install Oh My Zsh!
------------------
Install curl:
$ sudo apt-get install curl

Install Oh My Zsh!:
sh -c "$(curl -fsSL https://raw.github.com/ohmyzsh/ohmyzsh/master/tools/install.sh)"

Set the theme Spaceship Prompt as default for Oh My Zsh!

Install Git:
sudo apt-get install git

Clone the theme's repository:
git clone https://github.com/denysdovhan/spaceship-prompt.git "$ZSH_CUSTOM/themes/spaceship-prompt"

Symlink spaceship.zsh-theme to your oh-my-zsh custom themes directory:
ln -s "$ZSH_CUSTOM/themes/spaceship-prompt/spaceship.zsh-theme" "$ZSH_CUSTOM/themes/spaceship.zsh-theme"

code ~/.zshrc

Set ZSH_THEME="spaceship"

SPACESHIP_PROMPT_ORDER=(
  user          # Username section
  dir           # Current directory section
  host          # Hostname section
  git           # Git section (git_branch + git_status)
  hg            # Mercurial section (hg_branch  + hg_status)
  exec_time     # Execution time
  line_sep      # Line break
  vi_mode       # Vi-mode indicator
  jobs          # Background jobs indicator
  exit_code     # Exit code section
  char          # Prompt character
)
SPACESHIP_USER_SHOW=always
SPACESHIP_PROMPT_ADD_NEWLINE=false
SPACESHIP_CHAR_SYMBOL="‚ùØ"
SPACESHIP_CHAR_SUFFIX=" "

thx, bai bai
